// Jest Snapshot v1, https://goo.gl/fbAQLP

exports[`Verify health endpoint Health endpoint 1`] = `
{
  "status": "OK",
}
`;
